14:03:23 | INFO    | edit_models | === gpt2 (12 layers) ===
14:03:38 | INFO    | edit_models |   The Eiffel Tower   layer= 7 efficacy=0.00 generalization=0.00 specificity=0.50 (top-1 preserved 1.00) fluency 4.93 -> 4.93
14:03:38 | INFO    | edit_models |     edited generation: The Eiffel Tower is located in the city of London, and is the tallest building in the world. It is located in…
14:03:51 | INFO    | edit_models |   Mount Everest      layer= 0 efficacy=0.00 generalization=0.00 specificity=0.50 (top-1 preserved 1.00) fluency 4.83 -> 4.81
14:03:51 | INFO    | edit_models |     edited generation: Mount Everest is located in the country of Nepal, and is the highest mountain in the world. It is the only mo…
14:04:05 | INFO    | edit_models |   The Mona Lisa      layer= 3 efficacy=0.00 generalization=0.00 specificity=0.00 (top-1 preserved 1.00) fluency 4.66 -> 4.49
14:04:05 | INFO    | edit_models |     edited generation: The Mona Lisa was painted by the artist, who has been working on the Mona Lisa since the 1970s. The Mona Lisa…
14:04:06 | INFO    | edit_models | === pythia-160m (12 layers) ===
14:04:22 | INFO    | edit_models |   The Eiffel Tower   layer= 6 efficacy=0.00 generalization=0.00 specificity=0.50 (top-1 preserved 0.50) fluency 4.51 -> 4.58
14:04:22 | INFO    | edit_models |     edited generation: The Eiffel Tower is located in the city of Eiffel, France. The Eiffel Tower is located in the city of Eiffel,…
14:04:37 | INFO    | edit_models |   Mount Everest      layer= 1 efficacy=1.00 generalization=0.00 specificity=0.50 (top-1 preserved 1.00) fluency 4.41 -> 4.56
14:04:37 | INFO    | edit_models |     edited generation: Mount Everest is located in the country of Canada. The Mount Everest National Park is located in the country …
14:04:51 | INFO    | edit_models |   The Mona Lisa      layer= 4 efficacy=1.00 generalization=0.00 specificity=0.00 (top-1 preserved 1.00) fluency 4.35 -> 4.43
14:04:51 | INFO    | edit_models |     edited generation: The Mona Lisa was painted by Rembrandt in the 1930s. The Mona Lisa is a painting by Rembrandt that depicts th…
14:04:53 | INFO    | edit_models | === pythia-410m (24 layers) ===
14:05:48 | INFO    | edit_models |   The Eiffel Tower   layer= 9 efficacy=1.00 generalization=0.50 specificity=0.50 (top-1 preserved 1.00) fluency 4.98 -> 4.96
14:05:48 | INFO    | edit_models |     edited generation: The Eiffel Tower is located in the city of Rome, Italy. It is the world's tallest building, and is the world'…
14:06:37 | INFO    | edit_models |   Mount Everest      layer= 8 efficacy=1.00 generalization=0.50 specificity=1.00 (top-1 preserved 1.00) fluency 4.86 -> 4.98
14:06:37 | INFO    | edit_models |     edited generation: Mount Everest is located in the country of Canada, in the north of the country. It is the highest mountain in…
14:07:23 | INFO    | edit_models |   The Mona Lisa      layer= 7 efficacy=1.00 generalization=0.50 specificity=0.00 (top-1 preserved 1.00) fluency 4.58 -> 4.38
14:07:23 | INFO    | edit_models |     edited generation: The Mona Lisa was painted by Rembrandt in 1652. The Mona Lisa was painted by Rembrandt in 1652. The Mona Lisa…
14:07:24 | INFO    | edit_models | 
             efficacy  generalization  specificity  specificity_pred_preserved
model                                                                         
gpt2            0.000             0.0        0.333                       1.000
pythia-160m     0.667             0.0        0.333                       0.833
pythia-410m     1.000             0.5        0.500                       1.000
14:07:24 | INFO    | edit_models | saved -> outputs/study/edit_by_model.png
